  Determining projects to restore...
  All projects are up-to-date for restore.
D:\Laptrinhweb\DeepStuydywithCapybara\DeepStuydywithCapybara\Controllers\AccountController.cs(85,83): warning CS8625: Cannot convert null literal to non-nullable reference type. [D:\Laptrinhweb\DeepStuydywithCapybara\DeepStuydywithCapybara\DeeplearningwithCapybara.csproj]
D:\Laptrinhweb\DeepStuydywithCapybara\DeepStuydywithCapybara\Views\Admin\Courses.cshtml(62,58): error CS1061: 'Courses' does not contain a definition for 'CourseSchedule' and no accessible extension method 'CourseSchedule' accepting a first argument of type 'Courses' could be found (are you missing a using directive or an assembly reference?) [D:\Laptrinhweb\DeepStuydywithCapybara\DeepStuydywithCapybara\DeeplearningwithCapybara.csproj]
D:\Laptrinhweb\DeepStuydywithCapybara\DeepStuydywithCapybara\Views\Admin\Courses.cshtml(62,90): error CS1061: 'Courses' does not contain a definition for 'CourseSchedule' and no accessible extension method 'CourseSchedule' accepting a first argument of type 'Courses' could be found (are you missing a using directive or an assembly reference?) [D:\Laptrinhweb\DeepStuydywithCapybara\DeepStuydywithCapybara\DeeplearningwithCapybara.csproj]
D:\Laptrinhweb\DeepStuydywithCapybara\DeepStuydywithCapybara\Views\Admin\CreateCourse.cshtml(45,37): error CS1061: 'Courses' does not contain a definition for 'CourseSchedule' and no accessible extension method 'CourseSchedule' accepting a first argument of type 'Courses' could be found (are you missing a using directive or an assembly reference?) [D:\Laptrinhweb\DeepStuydywithCapybara\DeepStuydywithCapybara\DeeplearningwithCapybara.csproj]
D:\Laptrinhweb\DeepStuydywithCapybara\DeepStuydywithCapybara\Views\Admin\CreateCourse.cshtml(46,37): error CS1061: 'Courses' does not contain a definition for 'CourseSchedule' and no accessible extension method 'CourseSchedule' accepting a first argument of type 'Courses' could be found (are you missing a using directive or an assembly reference?) [D:\Laptrinhweb\DeepStuydywithCapybara\DeepStuydywithCapybara\DeeplearningwithCapybara.csproj]
D:\Laptrinhweb\DeepStuydywithCapybara\DeepStuydywithCapybara\Views\Admin\CreateCourse.cshtml(47,47): error CS1061: 'Courses' does not contain a definition for 'CourseSchedule' and no accessible extension method 'CourseSchedule' accepting a first argument of type 'Courses' could be found (are you missing a using directive or an assembly reference?) [D:\Laptrinhweb\DeepStuydywithCapybara\DeepStuydywithCapybara\DeeplearningwithCapybara.csproj]
D:\Laptrinhweb\DeepStuydywithCapybara\DeepStuydywithCapybara\Controllers\AccountController.cs(173,23): warning CS8618: Non-nullable property 'Email' must contain a non-null value when exiting constructor. Consider adding the 'required' modifier or declaring the property as nullable. [D:\Laptrinhweb\DeepStuydywithCapybara\DeepStuydywithCapybara\DeeplearningwithCapybara.csproj]
D:\Laptrinhweb\DeepStuydywithCapybara\DeepStuydywithCapybara\Controllers\AccountController.cs(177,23): warning CS8618: Non-nullable property 'Password' must contain a non-null value when exiting constructor. Consider adding the 'required' modifier or declaring the property as nullable. [D:\Laptrinhweb\DeepStuydywithCapybara\DeepStuydywithCapybara\DeeplearningwithCapybara.csproj]
D:\Laptrinhweb\DeepStuydywithCapybara\DeepStuydywithCapybara\Controllers\AccountController.cs(180,44): warning CS8618: Non-nullable property 'RoleList' must contain a non-null value when exiting constructor. Consider adding the 'required' modifier or declaring the property as nullable. [D:\Laptrinhweb\DeepStuydywithCapybara\DeepStuydywithCapybara\DeeplearningwithCapybara.csproj]
D:\Laptrinhweb\DeepStuydywithCapybara\DeepStuydywithCapybara\Controllers\AccountController.cs(187,23): warning CS8618: Non-nullable property 'Email' must contain a non-null value when exiting constructor. Consider adding the 'required' modifier or declaring the property as nullable. [D:\Laptrinhweb\DeepStuydywithCapybara\DeepStuydywithCapybara\DeeplearningwithCapybara.csproj]
D:\Laptrinhweb\DeepStuydywithCapybara\DeepStuydywithCapybara\Controllers\AccountController.cs(189,23): warning CS8618: Non-nullable property 'Password' must contain a non-null value when exiting constructor. Consider adding the 'required' modifier or declaring the property as nullable. [D:\Laptrinhweb\DeepStuydywithCapybara\DeepStuydywithCapybara\DeeplearningwithCapybara.csproj]
D:\Laptrinhweb\DeepStuydywithCapybara\DeepStuydywithCapybara\Controllers\AiController.cs(24,23): warning CS8601: Possible null reference assignment. [D:\Laptrinhweb\DeepStuydywithCapybara\DeepStuydywithCapybara\DeeplearningwithCapybara.csproj]
D:\Laptrinhweb\DeepStuydywithCapybara\DeepStuydywithCapybara\Controllers\AiController.cs(21,16): warning CS8618: Non-nullable field '_apiKey' must contain a non-null value when exiting constructor. Consider adding the 'required' modifier or declaring the field as nullable. [D:\Laptrinhweb\DeepStuydywithCapybara\DeepStuydywithCapybara\DeeplearningwithCapybara.csproj]
D:\Laptrinhweb\DeepStuydywithCapybara\DeepStuydywithCapybara\Views\Shared\_AdminLayout.cshtml(31,141): warning CS8602: Dereference of a possibly null reference. [D:\Laptrinhweb\DeepStuydywithCapybara\DeepStuydywithCapybara\DeeplearningwithCapybara.csproj]
D:\Laptrinhweb\DeepStuydywithCapybara\DeepStuydywithCapybara\Views\Shared\_AdminLayout.cshtml(39,141): warning CS8602: Dereference of a possibly null reference. [D:\Laptrinhweb\DeepStuydywithCapybara\DeepStuydywithCapybara\DeeplearningwithCapybara.csproj]
D:\Laptrinhweb\DeepStuydywithCapybara\DeepStuydywithCapybara\Views\Shared\_AdminLayout.cshtml(39,141): warning CS8602: Dereference of a possibly null reference. [D:\Laptrinhweb\DeepStuydywithCapybara\DeepStuydywithCapybara\DeeplearningwithCapybara.csproj]
D:\Laptrinhweb\DeepStuydywithCapybara\DeepStuydywithCapybara\Views\Shared\_AdminLayout.cshtml(42,143): warning CS8602: Dereference of a possibly null reference. [D:\Laptrinhweb\DeepStuydywithCapybara\DeepStuydywithCapybara\DeeplearningwithCapybara.csproj]
D:\Laptrinhweb\DeepStuydywithCapybara\DeepStuydywithCapybara\Views\Shared\_AdminLayout.cshtml(42,143): warning CS8602: Dereference of a possibly null reference. [D:\Laptrinhweb\DeepStuydywithCapybara\DeepStuydywithCapybara\DeeplearningwithCapybara.csproj]
D:\Laptrinhweb\DeepStuydywithCapybara\DeepStuydywithCapybara\Controllers\AiController.cs(96,86): warning CS8604: Possible null reference argument for parameter 'json' in 'List<AiTaskResponse>? JsonSerializer.Deserialize<List<AiTaskResponse>>(string json, JsonSerializerOptions? options = null)'. [D:\Laptrinhweb\DeepStuydywithCapybara\DeepStuydywithCapybara\DeeplearningwithCapybara.csproj]
D:\Laptrinhweb\DeepStuydywithCapybara\DeepStuydywithCapybara\Views\Admin\EditCourse.cshtml(53,37): error CS1061: 'Courses' does not contain a definition for 'CourseSchedule' and no accessible extension method 'CourseSchedule' accepting a first argument of type 'Courses' could be found (are you missing a using directive or an assembly reference?) [D:\Laptrinhweb\DeepStuydywithCapybara\DeepStuydywithCapybara\DeeplearningwithCapybara.csproj]
D:\Laptrinhweb\DeepStuydywithCapybara\DeepStuydywithCapybara\Views\Admin\EditCourse.cshtml(54,37): error CS1061: 'Courses' does not contain a definition for 'CourseSchedule' and no accessible extension method 'CourseSchedule' accepting a first argument of type 'Courses' could be found (are you missing a using directive or an assembly reference?) [D:\Laptrinhweb\DeepStuydywithCapybara\DeepStuydywithCapybara\DeeplearningwithCapybara.csproj]
D:\Laptrinhweb\DeepStuydywithCapybara\DeepStuydywithCapybara\Views\Admin\EditCourse.cshtml(55,47): error CS1061: 'Courses' does not contain a definition for 'CourseSchedule' and no accessible extension method 'CourseSchedule' accepting a first argument of type 'Courses' could be found (are you missing a using directive or an assembly reference?) [D:\Laptrinhweb\DeepStuydywithCapybara\DeepStuydywithCapybara\DeeplearningwithCapybara.csproj]

Build FAILED.

D:\Laptrinhweb\DeepStuydywithCapybara\DeepStuydywithCapybara\Controllers\AccountController.cs(85,83): warning CS8625: Cannot convert null literal to non-nullable reference type. [D:\Laptrinhweb\DeepStuydywithCapybara\DeepStuydywithCapybara\DeeplearningwithCapybara.csproj]
D:\Laptrinhweb\DeepStuydywithCapybara\DeepStuydywithCapybara\Controllers\AccountController.cs(173,23): warning CS8618: Non-nullable property 'Email' must contain a non-null value when exiting constructor. Consider adding the 'required' modifier or declaring the property as nullable. [D:\Laptrinhweb\DeepStuydywithCapybara\DeepStuydywithCapybara\DeeplearningwithCapybara.csproj]
D:\Laptrinhweb\DeepStuydywithCapybara\DeepStuydywithCapybara\Controllers\AccountController.cs(177,23): warning CS8618: Non-nullable property 'Password' must contain a non-null value when exiting constructor. Consider adding the 'required' modifier or declaring the property as nullable. [D:\Laptrinhweb\DeepStuydywithCapybara\DeepStuydywithCapybara\DeeplearningwithCapybara.csproj]
D:\Laptrinhweb\DeepStuydywithCapybara\DeepStuydywithCapybara\Controllers\AccountController.cs(180,44): warning CS8618: Non-nullable property 'RoleList' must contain a non-null value when exiting constructor. Consider adding the 'required' modifier or declaring the property as nullable. [D:\Laptrinhweb\DeepStuydywithCapybara\DeepStuydywithCapybara\DeeplearningwithCapybara.csproj]
D:\Laptrinhweb\DeepStuydywithCapybara\DeepStuydywithCapybara\Controllers\AccountController.cs(187,23): warning CS8618: Non-nullable property 'Email' must contain a non-null value when exiting constructor. Consider adding the 'required' modifier or declaring the property as nullable. [D:\Laptrinhweb\DeepStuydywithCapybara\DeepStuydywithCapybara\DeeplearningwithCapybara.csproj]
D:\Laptrinhweb\DeepStuydywithCapybara\DeepStuydywithCapybara\Controllers\AccountController.cs(189,23): warning CS8618: Non-nullable property 'Password' must contain a non-null value when exiting constructor. Consider adding the 'required' modifier or declaring the property as nullable. [D:\Laptrinhweb\DeepStuydywithCapybara\DeepStuydywithCapybara\DeeplearningwithCapybara.csproj]
D:\Laptrinhweb\DeepStuydywithCapybara\DeepStuydywithCapybara\Controllers\AiController.cs(24,23): warning CS8601: Possible null reference assignment. [D:\Laptrinhweb\DeepStuydywithCapybara\DeepStuydywithCapybara\DeeplearningwithCapybara.csproj]
D:\Laptrinhweb\DeepStuydywithCapybara\DeepStuydywithCapybara\Controllers\AiController.cs(21,16): warning CS8618: Non-nullable field '_apiKey' must contain a non-null value when exiting constructor. Consider adding the 'required' modifier or declaring the field as nullable. [D:\Laptrinhweb\DeepStuydywithCapybara\DeepStuydywithCapybara\DeeplearningwithCapybara.csproj]
D:\Laptrinhweb\DeepStuydywithCapybara\DeepStuydywithCapybara\Views\Shared\_AdminLayout.cshtml(31,141): warning CS8602: Dereference of a possibly null reference. [D:\Laptrinhweb\DeepStuydywithCapybara\DeepStuydywithCapybara\DeeplearningwithCapybara.csproj]
D:\Laptrinhweb\DeepStuydywithCapybara\DeepStuydywithCapybara\Views\Shared\_AdminLayout.cshtml(39,141): warning CS8602: Dereference of a possibly null reference. [D:\Laptrinhweb\DeepStuydywithCapybara\DeepStuydywithCapybara\DeeplearningwithCapybara.csproj]
D:\Laptrinhweb\DeepStuydywithCapybara\DeepStuydywithCapybara\Views\Shared\_AdminLayout.cshtml(39,141): warning CS8602: Dereference of a possibly null reference. [D:\Laptrinhweb\DeepStuydywithCapybara\DeepStuydywithCapybara\DeeplearningwithCapybara.csproj]
D:\Laptrinhweb\DeepStuydywithCapybara\DeepStuydywithCapybara\Views\Shared\_AdminLayout.cshtml(42,143): warning CS8602: Dereference of a possibly null reference. [D:\Laptrinhweb\DeepStuydywithCapybara\DeepStuydywithCapybara\DeeplearningwithCapybara.csproj]
D:\Laptrinhweb\DeepStuydywithCapybara\DeepStuydywithCapybara\Views\Shared\_AdminLayout.cshtml(42,143): warning CS8602: Dereference of a possibly null reference. [D:\Laptrinhweb\DeepStuydywithCapybara\DeepStuydywithCapybara\DeeplearningwithCapybara.csproj]
D:\Laptrinhweb\DeepStuydywithCapybara\DeepStuydywithCapybara\Controllers\AiController.cs(96,86): warning CS8604: Possible null reference argument for parameter 'json' in 'List<AiTaskResponse>? JsonSerializer.Deserialize<List<AiTaskResponse>>(string json, JsonSerializerOptions? options = null)'. [D:\Laptrinhweb\DeepStuydywithCapybara\DeepStuydywithCapybara\DeeplearningwithCapybara.csproj]
D:\Laptrinhweb\DeepStuydywithCapybara\DeepStuydywithCapybara\Views\Admin\Courses.cshtml(62,58): error CS1061: 'Courses' does not contain a definition for 'CourseSchedule' and no accessible extension method 'CourseSchedule' accepting a first argument of type 'Courses' could be found (are you missing a using directive or an assembly reference?) [D:\Laptrinhweb\DeepStuydywithCapybara\DeepStuydywithCapybara\DeeplearningwithCapybara.csproj]
D:\Laptrinhweb\DeepStuydywithCapybara\DeepStuydywithCapybara\Views\Admin\Courses.cshtml(62,90): error CS1061: 'Courses' does not contain a definition for 'CourseSchedule' and no accessible extension method 'CourseSchedule' accepting a first argument of type 'Courses' could be found (are you missing a using directive or an assembly reference?) [D:\Laptrinhweb\DeepStuydywithCapybara\DeepStuydywithCapybara\DeeplearningwithCapybara.csproj]
D:\Laptrinhweb\DeepStuydywithCapybara\DeepStuydywithCapybara\Views\Admin\CreateCourse.cshtml(45,37): error CS1061: 'Courses' does not contain a definition for 'CourseSchedule' and no accessible extension method 'CourseSchedule' accepting a first argument of type 'Courses' could be found (are you missing a using directive or an assembly reference?) [D:\Laptrinhweb\DeepStuydywithCapybara\DeepStuydywithCapybara\DeeplearningwithCapybara.csproj]
D:\Laptrinhweb\DeepStuydywithCapybara\DeepStuydywithCapybara\Views\Admin\CreateCourse.cshtml(46,37): error CS1061: 'Courses' does not contain a definition for 'CourseSchedule' and no accessible extension method 'CourseSchedule' accepting a first argument of type 'Courses' could be found (are you missing a using directive or an assembly reference?) [D:\Laptrinhweb\DeepStuydywithCapybara\DeepStuydywithCapybara\DeeplearningwithCapybara.csproj]
D:\Laptrinhweb\DeepStuydywithCapybara\DeepStuydywithCapybara\Views\Admin\CreateCourse.cshtml(47,47): error CS1061: 'Courses' does not contain a definition for 'CourseSchedule' and no accessible extension method 'CourseSchedule' accepting a first argument of type 'Courses' could be found (are you missing a using directive or an assembly reference?) [D:\Laptrinhweb\DeepStuydywithCapybara\DeepStuydywithCapybara\DeeplearningwithCapybara.csproj]
D:\Laptrinhweb\DeepStuydywithCapybara\DeepStuydywithCapybara\Views\Admin\EditCourse.cshtml(53,37): error CS1061: 'Courses' does not contain a definition for 'CourseSchedule' and no accessible extension method 'CourseSchedule' accepting a first argument of type 'Courses' could be found (are you missing a using directive or an assembly reference?) [D:\Laptrinhweb\DeepStuydywithCapybara\DeepStuydywithCapybara\DeeplearningwithCapybara.csproj]
D:\Laptrinhweb\DeepStuydywithCapybara\DeepStuydywithCapybara\Views\Admin\EditCourse.cshtml(54,37): error CS1061: 'Courses' does not contain a definition for 'CourseSchedule' and no accessible extension method 'CourseSchedule' accepting a first argument of type 'Courses' could be found (are you missing a using directive or an assembly reference?) [D:\Laptrinhweb\DeepStuydywithCapybara\DeepStuydywithCapybara\DeeplearningwithCapybara.csproj]
D:\Laptrinhweb\DeepStuydywithCapybara\DeepStuydywithCapybara\Views\Admin\EditCourse.cshtml(55,47): error CS1061: 'Courses' does not contain a definition for 'CourseSchedule' and no accessible extension method 'CourseSchedule' accepting a first argument of type 'Courses' could be found (are you missing a using directive or an assembly reference?) [D:\Laptrinhweb\DeepStuydywithCapybara\DeepStuydywithCapybara\DeeplearningwithCapybara.csproj]
    14 Warning(s)
    8 Error(s)

Time Elapsed 00:00:06.97
